---
source: crates/vercel_runtime_router/src/lib.rs
expression: "router.call(\"api/releases/rl_4242\")"
---
Some(
    Route {
        kind: Dynamic,
        module_file: "api/releases/[release].rs",
        module_name: Ident(
            api_releases__release_,
        ),
        path: "api/releases/[release]",
        segments: Some(
            [
                "api",
                "releases",
                "[release]",
            ],
        ),
    },
)
