---
source: crates/vercel_runtime_router/src/lib.rs
expression: "router.call(\"api/optional/[id]\")"
---
Some(
    Route {
        kind: Dynamic,
        module_file: "api/optional/[id].rs",
        module_name: Ident {
            sym: api_optional__id_,
        },
        path: "api/optional/[id]",
        segments: Some(
            [
                "api",
                "optional",
                "[id]",
            ],
        ),
    },
)
