---
source: crates/vercel_runtime_router/src/lib.rs
expression: "router.call(\"api/nested/[id]\")"
---
Some(
    Route {
        kind: Dynamic,
        module_file: "api/nested/[id].rs",
        module_name: Ident {
            sym: api_nested__id_,
        },
        path: "api/nested/[id]",
        segments: Some(
            [
                "api",
                "nested",
                "[id]",
            ],
        ),
    },
)
