---
source: crates/vercel_runtime_router/src/lib.rs
expression: "router.call(\"api/releases/all\")"
---
Some(
    Route {
        kind: Static,
        module_file: "api/releases/all.rs",
        module_name: Ident(
            api_releases_all,
        ),
        path: "api/releases/all",
        segments: None,
    },
)
