---
source: crates/vercel_runtime_router/src/lib.rs
expression: "router.call(\"api/[id]\")"
---
Some(
    Route {
        kind: Dynamic,
        module_file: "api/[id].rs",
        module_name: Ident(
            api__id_,
        ),
        path: "api/[id]",
        segments: Some(
            [
                "api",
                "[id]",
            ],
        ),
    },
)
